BACI System: BenAri Pascal PCODE Compiler, 12:29  18 Jul 2004
Source file: C:\Users\bu0532\jbaci\examples\lab6_2.pm  Thu Jun 20 10:04:18 2024
 line  pc
   1    0  Program Suspension;
   2    0  MONITOR PC;
   3    0  CONST nmrProcesos = 20;
   4    0  VAR i:INTEGER;
   5    0      delayed:array[0..nmrProcesos] of BOOLEAN;
   6    0      time:array[0..nmrProcesos] of INTEGER;
   7    0      cond:array[0..nmrProcesos] of CONDITION;
   8    0  
   9    0  PROCEDURE oneSecondHasPassed;
  10    0  VAR i:INTEGER;
  11    0  BEGIN
  12    1      FOR i:=1 TO nmrProcesos DO
  13    5      IF delayed[i] THEN BEGIN
  14   10          time[i] := time[i] - 1;
  15   20          IF time[i] = 0 THEN BEGIN
  16   27              delayed[i] := false;
  17   32              SIGNALC(cond[i]);
  18   36          END;
  19   36      END;
  20   37  END;
  21   39  
  22   39  PROCEDURE delayMe(myself: INTEGER; interval: INTEGER);
  23   39  BEGIN
  24   40      delayed[myself] := true;
  25   45      time[myself] := interval;
  26   50      WAITC(cond[myself]);
  27   55  END;
  28   57  
  29   57  BEGIN (*monitor*)
  30   57      FOR i:= 0 TO nmrProcesos DO BEGIN
  31   61      delayed[i] := false;
  32   66      time[i] := 0;
  33   71      END;
  34   72  END;
  35   73  
  36   73  VAR i:INTEGER;
  37   73  currentTime:INTEGER := 0;
  38   73  output:BINARYSEM := 1;
  39   73  
  40   73  PROCEDURE clock;
  41   73  VAR i,j:INTEGER;
  42   73  
  43   73  BEGIN
  44   73      FOR i := 1 to 10 DO BEGIN;
Error near 'DO', line 44 of file C:\Users\bu0532\jbaci\examples\lab6_2.pm:
**   Illegal character '\d' 
  45   77      	FOR j := 1 to 200 DO BEGIN;
  46   81      		currentTime := currentTime + 1;
  47   86      		WAIT(output);
  48   88      		    writeln("1 second passed. CurrentTime: ", currentTime, " seconds.");
  49   93     		SIGNAL(output);
  50   95  		oneSecondHasPassed;
  51   98      		END;
  52   99  	END;
  53  100  END;
  54  101  
  55  101  PROCEDURE procesos(ID: INTEGER);
  56  101  BEGIN
  57  101      WAIT(output);
  58  103          writeln("I am the process ", ID, " and I go to sleep for ", ID*2, " seconds. Current time: ", currentTime);
  59  115      SIGNAL(output);
  60  117      delayMe(ID, ID * 2);
  61  124      WAIT(output);
  62  126          writeln("I am the process", ID, " and I just woke up. Current time: ", currentTime);
  63  133      SIGNAL(output);
  64  135  END;
  65  136  
  66  136  BEGIN
  67  143      COBEGIN
  68  144          clock;
  69  146          procesos(1);
  70  149          procesos(2);
  71  152          procesos(3);
  72  155          procesos(4);
  73  158      COEND;
  74  159  END.
Because of 1 error the PCODE file will not execute
